[sistemadulino.com.br/index.html]
[sistemadulino.com.br/manifest.json]
[sistemadulino.com.br/metodo-c2e.html]
[sistemadulino.com.br/tv-dulino.html]
[sistemadulino.com.br/quem-somos.html]
[sistemadulino.com.br/contato.html]
[sistemadulino.com.br/media/hero/prepare-os-jovens-para-as-profissoes-do-futuro.svg]
[sistemadulino.com.br/media/hero/hero_background.png]
[sistemadulino.com.br/media/dulinolab/dulinolab.png]
[sistemadulino.com.br/laboratorio.html]
[sistemadulino.com.br/media/lxp/lxp.jpg]
[sistemadulino.com.br/aplicativo-lxp.html]
[sistemadulino.com.br/maker-academy.html]
[sistemadulino.com.br/english-academy.html]
[sistemadulino.com.br/game-academy.html]
[sistemadulino.com.br/robotics-academy.html]
[sistemadulino.com.br/inclusion-academy.html]
[sistemadulino.com.br/media/academies/maker.svg]
[sistemadulino.com.br/media/academies/game.jpg]
[sistemadulino.com.br/media/academies/robotics.svg]
[sistemadulino.com.br/media/academies/english.svg]
[sistemadulino.com.br/media/inclusionAcademy/inclusion.jpg]
[sistemadulino.com.br/media/methodology/metodologiaHome.png]
[sistemadulino.com.br/media/footer/dulino-completo.png]
[backblue.gif]
[fade.gif]
[index.html]
[sistemadulino.com.br/na-midia.html]
[sistemadulino.com.br/media/dulinolab/heroLabMobile.jpg]
[sistemadulino.com.br/media/dulinolab/heroLabDesktop.jpg]
[sistemadulino.com.br/media/englishAcademy/balao.png]
[sistemadulino.com.br/media/englishAcademy/heroEnglishMobile.jpg]
[sistemadulino.com.br/media/englishAcademy/heroEnglishDesktop.jpg]
[sistemadulino.com.br/media/gameAcademy/video-game.png]
[sistemadulino.com.br/media/gameAcademy/heroGameMobile.jpg]
[sistemadulino.com.br/media/gameAcademy/heroGameDesktop.jpg]
[sistemadulino.com.br/media/howWorks/background-gradient.png]
[sistemadulino.com.br/media/inclusionAcademy/inclusion.png]
[sistemadulino.com.br/media/inclusionAcademy/heroInclusionMobile.jpg]
[sistemadulino.com.br/media/inclusionAcademy/heroInclusionDesktop.jpg]
[sistemadulino.com.br/media/makerAcademy/config.png]
[sistemadulino.com.br/media/makerAcademy/heroMakerMobile.jpg]
[sistemadulino.com.br/media/makerAcademy/heroMakerDesktop.jpg]
[sistemadulino.com.br/media/roboticsAcademy/robo.png]
[sistemadulino.com.br/media/roboticsAcademy/heroRoboticsMobile.jpg]
[sistemadulino.com.br/media/roboticsAcademy/heroRoboticsDesktop.jpg]
[sistemadulino.com.br/media/lxp/heroLxpMobile.jpg]
[sistemadulino.com.br/media/lxp/heroLxpDesktop.jpg]
[sistemadulino.com.br/dulino_azul.svg]
[sistemadulino.com.br/media/inclusionAcademy/inclusion-2.jpg]
[sistemadulino.com.br/download.html]
[mamonas.sistemadulino.com.br/mamonas.iife.js]
[sistemadulino.com.br/scripts/index.js]
[sistemadulino.com.br/sw.js]
[sistemadulino.com.br/index.html]
[sistemadulino.com.br/cdn-cgi/challenge-platform/h/g/scripts/jsd/ec4b873d446c/maind41d.js]
[sistemadulino.com.br/media/howWorks/imagem_meninoMobile.jpg]
[sistemadulino.com.br/media/howWorks/imagem_menino.jpg]
[sistemadulino.com.br/media/howWorks/bnccLogo.png]
[sistemadulino.com.br/dulino_branco.svg]
[sistemadulino.com.br/media/howWorks/heroComoFuncionaMobile.jpg]
[sistemadulino.com.br/media/howWorks/heroComoFunciona.jpg]
[sistemadulino.com.br/media/howWorks/grid-img1.jpg]
[sistemadulino.com.br/media/howWorks/grid-img4.jpg]
[sistemadulino.com.br/media/howWorks/grid-img3.jpg]
[sistemadulino.com.br/media/howWorks/grid-img2.jpg]
[sistemadulino.com.br/media/howWorks/grid-img5.jpg]
[sistemadulino.com.br/metodo-c2e.html]
[sistemadulino.com.br/media/tvDulino/education.jpg]
[sistemadulino.com.br/media/tvDulino/interview.jpg]
[sistemadulino.com.br/media/tvDulino/robotic.jpg]
[sistemadulino.com.br/media/tvDulino/academys.jpg]
[sistemadulino.com.br/media/tvDulino/training.jpg]
[sistemadulino.com.br/media/tvDulino/medal.jpg]
[sistemadulino.com.br/tv-dulino.html]
[sistemadulino.com.br/media/whoWeAre/escritorioDulino.png]
[sistemadulino.com.br/quem-somos.html]
[sistemadulino.com.br/media/contactWithUs/imagemContact.jpg]
[sistemadulino.com.br/contato.html]
[sistemadulino.com.br/media/hero/prepare-os-jovens-para-as-profissoes-do-futuro.svg]
[sistemadulino.com.br/media/dulinolab/dulinoLabBoy.jpg]
[sistemadulino.com.br/laboratorio.html]
[sistemadulino.com.br/media/lxp/imagem-lxp.jpg]
[sistemadulino.com.br/aplicativo-lxp.html]
[sistemadulino.com.br/media/makerAcademy/overviewMaker.jpg]
[sistemadulino.com.br/media/makerAcademy/aboutMachine.jpg]
[sistemadulino.com.br/media/makerAcademy/aboutRecyclable.jpg]
[sistemadulino.com.br/media/makerAcademy/aboutSoftwares.png]
[sistemadulino.com.br/maker-academy.html]
[sistemadulino.com.br/media/englishAcademy/boyEnglish.jpg]
[sistemadulino.com.br/media/englishAcademy/problem.png]
[sistemadulino.com.br/media/englishAcademy/project.png]
[sistemadulino.com.br/english-academy.html]
[sistemadulino.com.br/media/gameAcademy/overviewImage.jpg]
[sistemadulino.com.br/media/gameAcademy/scratch.png]
[sistemadulino.com.br/media/gameAcademy/game.png]
[sistemadulino.com.br/media/gameAcademy/unity.png]
[sistemadulino.com.br/game-academy.html]
[sistemadulino.com.br/media/roboticsAcademy/robotics.png]
[sistemadulino.com.br/media/roboticsAcademy/versaoAlfa.jpg]
[sistemadulino.com.br/media/roboticsAcademy/versaoBeta.jpg]
[sistemadulino.com.br/media/roboticsAcademy/versaoGama.jpg]
[sistemadulino.com.br/robotics-academy.html]
[sistemadulino.com.br/media/inclusionAcademy/secretaria.jpg]
[sistemadulino.com.br/media/inclusionAcademy/cibele.jpg]
[sistemadulino.com.br/media/inclusionAcademy/familia.jpg]
[sistemadulino.com.br/media/inclusionAcademy/grupo.jpg]
[sistemadulino.com.br/inclusion-academy.html]
[sistemadulino.com.br/media/academies/maker.svg]
[sistemadulino.com.br/media/academies/robotics.svg]
[sistemadulino.com.br/media/academies/english.svg]
[sistemadulino.com.br/media/howWorks/como-funciona.png]
[sistemadulino.com.br/media/inAverage/criancas-brincando1.jpg]
[sistemadulino.com.br/media/inAverage/drone.jpg]
[sistemadulino.com.br/media/inAverage/criancas-brincando2.png]
[sistemadulino.com.br/media/inAverage/record.png]
[sistemadulino.com.br/na-midia.html]
[sistemadulino.com.br/dulino_azul.svg]
[sistemadulino.com.br/file/atividades-para-criancas-neurodivergentes.png]
[sistemadulino.com.br/file/neuro.pdf]
[sistemadulino.com.br/file/manual-das-olimpiadas-dulino.png]
[sistemadulino.com.br/file/manual-das-olimpiadas-dulino.pdf]
[sistemadulino.com.br/download.html]
[sistemadulino.com.br/dulino_branco.svg]
[sistemadulino.com.brmedia/howWorks/heroComoFuncionaMobile.jpg]
[sistemadulino.com.brmedia/howWorks/heroComoFunciona.jpg]
[sistemadulino.com.br/neuro.html]
[sistemadulino.com.br/manual-das-olimpiadas-dulino.html]
